// Jest Snapshot v1, https://goo.gl/fbAQLP

exports[`Header component matches the snapshot 1`] = `
<div
  className="container"
>
  <div
    className="row"
  >
    <div
      className="col-lg-4"
    >
      <h2
        id="title"
      >
        Погода здесь
      </h2>
    </div>
    <div
      className="col-lg-4"
    >
      <button
        id="update-button"
        onClick={[Function]}
      >
        Обновить
      </button>
    </div>
  </div>
</div>
`;
