// Jest Snapshot v1, https://goo.gl/fbAQLP

exports[`Weather component matches the snapshot with city 1`] = `
<div
  className="container"
>
  <div
    className="row"
  >
    <div
      className="col-lg-6"
    >
      <h2
        id="cityname"
      >
        Moscow
      </h2>
      <div
        className="row"
      >
        <img
          id="pic"
          src="http://openweathermap.org/img/wn/10n@2x.png"
        />
        <p
          id="temp"
        >
           
          20.46
           ºC 
        </p>
      </div>
    </div>
    <div
      className="col-lg-6"
    >
      <div
        className="row"
         
      >
        <p>
          Погода
        </p>
        <div
          id="val"
        >
           
          light rain
           
        </div>
      </div>
      <div
        className="row"
         
      >
        <p>
          Давление
        </p>
        <div
          id="val"
        >
           
          1021
           hPA
        </div>
      </div>
      <div
        className="row"
         
      >
        <p>
          Скорость ветра
        </p>
        <div
          id="val"
        >
           
          5.1
           m/s
        </div>
      </div>
      <div
        className="row"
         
      >
        <p>
          Облачность
        </p>
        <div
          id="val"
        >
           
          90
           %
        </div>
      </div>
    </div>
  </div>
</div>
`;

exports[`Weather component matches the snapshot with loader 1`] = `
<div
  className="container"
>
  <div
    className="row"
  >
    <div
      className="col-lg-12"
    >
      <h2
        id="waiting"
      >
        Подождите, данные загружаются
      </h2>
    </div>
    <div
      className="col-lg-12 "
    >
      <div
        className="center-block"
      >
        <div
          className="css-236bqq"
        />
      </div>
    </div>
  </div>
</div>
`;
